// Jest Snapshot v1, https://goo.gl/fbAQLP

exports[`tests for Amount component should render correctly 1`] = `
<View
  pointerEvents="box-none"
  style={
    Object {
      "flex": 1,
    }
  }
>
  <View
    collapsable={true}
    pointerEvents="box-none"
    style={
      Object {
        "flex": 1,
      }
    }
  >
    <View
      style={
        Object {
          "alignItems": "flex-end",
          "flex": 1,
          "flexDirection": "row",
        }
      }
    >
      <Text
        style={
          Object {
            "fontSize": 16,
          }
        }
      >
        Â£23
      </Text>
      <Text
        style={
          Object {
            "fontSize": 13,
          }
        }
        testID="decimal"
      >
        .
        00
      </Text>
    </View>
  </View>
</View>
`;
